{ name: 'Bitcoin', version: '1.3.17', flags: <Buffer 02> }
